EN gates_muser_scit4 NULL //ucebnyfile.ucebny.adfit.fit.cvut.cz/home/s/sykorto6/BI-SAP/BI-SAP15/cv01counter/scit4.vhf sub00/vhpl02 1424191261
AR gates_muser_scit4 behavioral //ucebnyfile.ucebny.adfit.fit.cvut.cz/home/s/sykorto6/BI-SAP/BI-SAP15/cv01counter/scit4.vhf sub00/vhpl03 1424191262
EN scit4 NULL //ucebnyfile.ucebny.adfit.fit.cvut.cz/home/s/sykorto6/BI-SAP/BI-SAP15/cv01counter/scit4.vhf sub00/vhpl04 1424191263
AR gates behavioral //ucebnyfile.ucebny.adfit.fit.cvut.cz/home/s/sykorto6/BI-SAP/BI-SAP15/cv01counter/gates.vhf sub00/vhpl01 1424191266
EN gates NULL //ucebnyfile.ucebny.adfit.fit.cvut.cz/home/s/sykorto6/BI-SAP/BI-SAP15/cv01counter/gates.vhf sub00/vhpl00 1424191265
AR scit4 behavioral //ucebnyfile.ucebny.adfit.fit.cvut.cz/home/s/sykorto6/BI-SAP/BI-SAP15/cv01counter/scit4.vhf sub00/vhpl05 1424191264
